{"Level":"info","Time":"2021-11-30 00:34:16","Caller":"logger/Logger.go:53","msg":"这是一个测试"}
{"Level":"info","Time":"2021-11-30 00:34:51","Caller":"logger/Logger.go:53","Msg":"这是一个测试"}
{"Level":"info","Time":"2021-11-30 00:38:45","Caller":"logger/Logger.go:53","Msg":"这是一个测试"}
{"Level":"info","Time":"2021-11-30 00:38:55","Caller":"logger/Logger.go:53","Msg":"执行了用户controller"}
{"Level":"info","Time":"2021-11-30 00:39:05","Caller":"logger/Logger.go:53","Msg":"执行了用户controller"}
{"Level":"info","Time":"2021-11-30 00:39:05","Caller":"logger/Logger.go:53","Msg":"执行了用户controller"}
{"Level":"info","Time":"2021-11-30 00:39:06","Caller":"logger/Logger.go:53","Msg":"执行了用户controller"}
{"Level":"info","Time":"2021-11-30 00:39:06","Caller":"logger/Logger.go:53","Msg":"执行了用户controller"}
{"Level":"info","Time":"2021-11-30 00:39:06","Caller":"logger/Logger.go:53","Msg":"执行了用户controller"}
{"Level":"info","Time":"2021-11-30 00:39:06","Caller":"logger/Logger.go:53","Msg":"执行了用户controller"}
{"Level":"info","Time":"2021-11-30 00:39:06","Caller":"logger/Logger.go:53","Msg":"执行了用户controller"}
{"Level":"info","Time":"2021-11-30 00:39:06","Caller":"logger/Logger.go:53","Msg":"执行了用户controller"}
{"Level":"info","Time":"2021-11-30 00:39:06","Caller":"logger/Logger.go:53","Msg":"执行了用户controller"}
{"Level":"info","Time":"2021-11-30 00:39:07","Caller":"logger/Logger.go:53","Msg":"执行了用户controller"}
{"Level":"info","Time":"2021-11-30 00:39:07","Caller":"logger/Logger.go:53","Msg":"执行了用户controller"}
{"Level":"info","Time":"2021-11-30 00:39:07","Caller":"logger/Logger.go:53","Msg":"执行了用户controller"}
{"Level":"info","Time":"2021-11-30 00:39:07","Caller":"logger/Logger.go:53","Msg":"执行了用户controller"}
{"Level":"info","Time":"2021-11-30 00:39:07","Caller":"logger/Logger.go:53","Msg":"执行了用户controller"}
{"Level":"info","Time":"2021-11-30 00:39:07","Caller":"logger/Logger.go:53","Msg":"执行了用户controller"}
{"Level":"info","Time":"2021-11-30 00:39:07","Caller":"logger/Logger.go:53","Msg":"执行了用户controller"}
{"Level":"info","Time":"2021-11-30 00:39:08","Caller":"logger/Logger.go:53","Msg":"执行了用户controller"}
{"Level":"info","Time":"2021-11-30 00:39:08","Caller":"logger/Logger.go:53","Msg":"执行了用户controller"}
{"Level":"info","Time":"2021-11-30 00:39:08","Caller":"logger/Logger.go:53","Msg":"执行了用户controller"}
{"Level":"info","Time":"2021-11-30 00:39:08","Caller":"logger/Logger.go:53","Msg":"执行了用户controller"}
{"Level":"info","Time":"2021-11-30 00:39:08","Caller":"logger/Logger.go:53","Msg":"执行了用户controller"}
{"Level":"info","Time":"2021-11-30 00:39:08","Caller":"logger/Logger.go:53","Msg":"执行了用户controller"}
{"Level":"info","Time":"2021-11-30 00:39:09","Caller":"logger/Logger.go:53","Msg":"执行了用户controller"}
{"Level":"info","Time":"2021-11-30 00:39:09","Caller":"logger/Logger.go:53","Msg":"执行了用户controller"}
{"Level":"info","Time":"2021-11-30 00:39:09","Caller":"logger/Logger.go:53","Msg":"执行了用户controller"}
{"Level":"info","Time":"2021-11-30 00:39:09","Caller":"logger/Logger.go:53","Msg":"执行了用户controller"}
{"Level":"info","Time":"2021-11-30 00:39:09","Caller":"logger/Logger.go:53","Msg":"执行了用户controller"}
{"Level":"info","Time":"2021-11-30 00:39:09","Caller":"logger/Logger.go:53","Msg":"执行了用户controller"}
{"Level":"info","Time":"2021-11-30 00:39:09","Caller":"logger/Logger.go:53","Msg":"执行了用户controller"}
{"Level":"info","Time":"2021-11-30 00:39:10","Caller":"logger/Logger.go:53","Msg":"执行了用户controller"}
{"Level":"info","Time":"2021-11-30 00:39:10","Caller":"logger/Logger.go:53","Msg":"执行了用户controller"}
{"Level":"info","Time":"2021-12-08 23:40:42","Caller":"logger/Logger.go:53","Msg":"这是一个测试"}
{"Level":"info","Time":"2021-12-08 23:45:11","Caller":"logger/Logger.go:53","Msg":"这是一个测试"}
{"Level":"info","Time":"2021-12-08 23:54:22","Caller":"jdft/Logger.go:52","Msg":"这是一个测试"}
{"Level":"info","Time":"2021-12-09 00:02:03","Caller":"jdft/Logger.go:52","Msg":"这是一个测试"}
{"Level":"info","Time":"2021-12-09 20:57:06","Caller":"jdft/Logger.go:53","Msg":"这是一个测试"}
{"Level":"info","Time":"2021-12-09 21:06:40","Caller":"jdft/Logger.go:53","Msg":"这是一个测试"}
{"Level":"info","Time":"2021-12-09 21:06:55","Caller":"jdft/Logger.go:53","Msg":"执行了用户controller"}
{"Level":"info","Time":"2021-12-09 21:07:47","Caller":"jdft/Logger.go:53","Msg":"这是一个测试"}
{"Level":"info","Time":"2021-12-09 21:07:56","Caller":"jdft/Logger.go:53","Msg":"执行了用户controller"}
{"Level":"info","Time":"2021-12-09 21:07:56","Caller":"jdft/Logger.go:53","Msg":"执行了用户controller"}
{"Level":"info","Time":"2021-12-09 21:07:57","Caller":"jdft/Logger.go:53","Msg":"执行了用户controller"}
{"Level":"info","Time":"2021-12-09 21:08:50","Caller":"jdft/Logger.go:53","Msg":"这是一个测试"}
{"Level":"info","Time":"2021-12-09 21:08:58","Caller":"jdft/Logger.go:53","Msg":"执行了用户controller"}
{"Level":"info","Time":"2021-12-09 21:09:53","Caller":"jdft/Logger.go:53","Msg":"这是一个测试"}
{"Level":"info","Time":"2021-12-09 21:09:59","Caller":"jdft/Logger.go:53","Msg":"执行了用户controller"}
{"Level":"info","Time":"2021-12-09 21:10:05","Caller":"jdft/Logger.go:53","Msg":"执行了用户controller"}
{"Level":"info","Time":"2021-12-09 21:10:06","Caller":"jdft/Logger.go:53","Msg":"执行了用户controller"}
{"Level":"info","Time":"2021-12-09 21:10:06","Caller":"jdft/Logger.go:53","Msg":"执行了用户controller"}
{"Level":"info","Time":"2021-12-09 21:10:50","Caller":"jdft/Logger.go:53","Msg":"这是一个测试"}
{"Level":"info","Time":"2021-12-09 21:10:56","Caller":"jdft/Logger.go:53","Msg":"执行了用户controller"}
{"Level":"info","Time":"2021-12-09 21:11:40","Caller":"jdft/Logger.go:53","Msg":"这是一个测试"}
{"Level":"info","Time":"2021-12-09 21:11:46","Caller":"jdft/Logger.go:53","Msg":"执行了用户controller"}
{"Level":"info","Time":"2021-12-09 21:11:47","Caller":"jdft/Logger.go:53","Msg":"执行了用户controller"}
{"Level":"info","Time":"2021-12-09 21:11:48","Caller":"jdft/Logger.go:53","Msg":"执行了用户controller"}
{"Level":"info","Time":"2021-12-09 21:11:48","Caller":"jdft/Logger.go:53","Msg":"执行了用户controller"}
{"Level":"info","Time":"2021-12-09 21:11:48","Caller":"jdft/Logger.go:53","Msg":"执行了用户controller"}
{"Level":"info","Time":"2021-12-09 21:11:48","Caller":"jdft/Logger.go:53","Msg":"执行了用户controller"}
{"Level":"info","Time":"2021-12-09 21:11:48","Caller":"jdft/Logger.go:53","Msg":"执行了用户controller"}
{"Level":"info","Time":"2021-12-09 21:11:49","Caller":"jdft/Logger.go:53","Msg":"执行了用户controller"}
{"Level":"info","Time":"2021-12-09 21:11:49","Caller":"jdft/Logger.go:53","Msg":"执行了用户controller"}
{"Level":"info","Time":"2021-12-09 21:12:20","Caller":"jdft/Logger.go:53","Msg":"这是一个测试"}
{"Level":"info","Time":"2021-12-09 21:12:26","Caller":"jdft/Logger.go:53","Msg":"执行了用户controller"}
{"Level":"info","Time":"2021-12-09 21:12:26","Caller":"jdft/Logger.go:53","Msg":"执行了用户controller"}
{"Level":"info","Time":"2021-12-09 21:12:26","Caller":"jdft/Logger.go:53","Msg":"执行了用户controller"}
{"Level":"info","Time":"2021-12-09 21:12:27","Caller":"jdft/Logger.go:53","Msg":"执行了用户controller"}
{"Level":"info","Time":"2021-12-10 00:20:41","Caller":"jdft/Logger.go:53","Msg":"这是一个测试"}
{"Level":"info","Time":"2021-12-10 00:21:18","Caller":"jdft/Logger.go:53","Msg":"这是一个测试"}
{"Level":"info","Time":"2021-12-10 00:21:24","Caller":"jdft/Logger.go:53","Msg":"执行了用户controller"}
{"Level":"info","Time":"2021-12-10 00:24:49","Caller":"jdft/Logger.go:53","Msg":"这是一个测试"}
{"Level":"info","Time":"2021-12-10 00:26:07","Caller":"jdft/Logger.go:53","Msg":"执行了用户controller"}
{"Level":"info","Time":"2021-12-10 00:26:30","Caller":"jdft/Logger.go:53","Msg":"执行了用户controller"}
{"Level":"info","Time":"2021-12-10 00:26:42","Caller":"jdft/Logger.go:53","Msg":"执行了用户controller"}
{"Level":"info","Time":"2021-12-10 00:26:43","Caller":"jdft/Logger.go:53","Msg":"执行了用户controller"}
{"Level":"info","Time":"2021-12-10 00:26:52","Caller":"jdft/Logger.go:53","Msg":"执行了用户controller"}
{"Level":"info","Time":"2021-12-13 20:43:32","Caller":"jdft/Logger.go:53","Msg":"这是一个测试"}
{"Level":"info","Time":"2021-12-13 20:48:04","Caller":"jdft/Logger.go:53","Msg":"这是一个测试"}
{"Level":"info","Time":"2021-12-13 21:15:32","Caller":"jdft/Logger.go:53","Msg":"这是一个测试"}
{"Level":"info","Time":"2021-12-15 19:48:32","Caller":"jdft/Logger.go:54","Msg":"这是一个测试"}
{"Level":"info","Time":"2021-12-15 19:58:19","Caller":"jdft/Logger.go:54","Msg":"这是一个测试"}
{"Level":"info","Time":"2021-12-15 19:58:35","Caller":"jdft/Logger.go:54","Msg":"这是一个测试"}
{"Level":"info","Time":"2021-12-15 20:01:37","Caller":"jdft/Logger.go:54","Msg":"这是一个测试"}
{"Level":"info","Time":"2021-12-18 11:50:24","Caller":"jdft/Logger.go:54","Msg":"这是一个测试"}
{"Level":"info","Time":"2021-12-18 12:11:30","Caller":"jdft/Logger.go:54","Msg":"这是一个测试"}
{"Level":"info","Time":"2021-12-18 12:12:02","Caller":"jdft/Logger.go:54","Msg":"这是一个测试"}
{"Level":"info","Time":"2021-12-18 20:52:45","Caller":"jdft/Logger.go:54","Msg":"这是一个测试"}
{"Level":"info","Time":"2021-12-18 20:53:25","Caller":"jdft/Logger.go:54","Msg":"这是一个测试"}
{"Level":"info","Time":"2021-12-18 21:04:16","Caller":"jdft/Logger.go:54","Msg":"这是一个测试"}
{"Level":"info","Time":"2021-12-18 21:04:56","Caller":"jdft/Logger.go:54","Msg":"这是一个测试"}
